SELECT CAST(SERVERPROPERTY('collation') as VARCHAR(50))
GO
~~START~~
varchar
chinese_prc_ci_as
~~END~~

